2026-08-21T00:32:44.033Z  Starting the audio server...
2026-08-21T00:32:44.582Z  Sound output switched to BlackHole 2ch.
2026-08-21T00:32:44.584Z  Connecting to Bedroom speaker...
2026-08-21T00:32:45.683Z  Casting to Bedroom speaker.
2026-08-21T00:33:01.182Z  Stopped casting. Sound output back to MacBook Air Speakers.
[32mStopped[0m casting to [1mBedroom speaker[0m
[32mSound output[0m back to [1mMacBook Air Speakers[0m
[33mNothing is casting (no active session found).[0m
2026-08-21T00:36:08.440Z  Starting the audio server...
2026-08-21T00:36:09.011Z  Sound output switched to BlackHole 2ch.
2026-08-21T00:36:09.015Z  Connecting to Bedroom speaker...
2026-08-21T00:36:09.921Z  Casting to Bedroom speaker.
2026-08-21T00:36:22.588Z  Stopped casting. Sound output back to MacBook Air Speakers.
[32mStopped[0m casting to [1mBedroom speaker[0m
[32mSound output[0m back to [1mMacBook Air Speakers[0m
2026-08-21T00:50:39.118Z  Starting the audio server...
2026-08-21T00:50:39.646Z  Sound output switched to BlackHole 2ch.
2026-08-21T00:50:39.648Z  Connecting to Bedroom speaker...
2026-08-21T00:50:39.925Z  caster stderr: Failed to determine cast type for host <unknown> (<urlopen error [Errno 65] No route to host>) (services:[ServiceInfo(type='host', data=('192.168.0.17', 8009))])
2026-08-21T00:50:39.925Z  caster stderr: [(192.168.0.17):8009] Failed to connect to service ServiceInfo(type='host', data=('192.168.0.17', 8009)), retrying in 5.0s
2026-08-21T00:50:39.925Z  caster stderr: [(192.168.0.17):8009] Failed to connect. No retries.
2026-08-21T00:50:45.683Z  Casting to Bedroom speaker.
2026-08-21T00:51:35.739Z  Stopped casting. Sound output back to MacBook Air Speakers.
[32mStopped[0m casting to [1mBedroom speaker[0m
[32mSound output[0m back to [1mMacBook Air Speakers[0m
2026-08-21T00:51:58.370Z  Starting the audio server...
2026-08-21T00:51:58.910Z  Sound output switched to BlackHole 2ch.
2026-08-21T00:51:58.911Z  Connecting to Bedroom speaker...
2026-08-21T00:51:59.931Z  Casting to Bedroom speaker.
2026-08-21T00:52:46.216Z  Stopped casting. Sound output back to MacBook Air Speakers.
[32mStopped[0m casting to [1mBedroom speaker[0m
[32mSound output[0m back to [1mMacBook Air Speakers[0m
2026-08-21T00:52:49.342Z  Starting the audio server...
2026-08-21T00:52:49.942Z  Sound output switched to BlackHole 2ch.
2026-08-21T00:52:49.943Z  Connecting to Bedroom speaker...
2026-08-21T00:52:50.911Z  Casting to Bedroom speaker.
2026-08-21T00:54:08.121Z  Stopped casting. Sound output back to MacBook Air Speakers.
[32mStopped[0m casting to [1mBedroom speaker[0m
[32mSound output[0m back to [1mMacBook Air Speakers[0m
2026-08-21T00:56:04.024Z  Starting the audio server...
2026-08-21T00:56:04.584Z  Sound output switched to BlackHole 2ch.
2026-08-21T00:56:04.585Z  Connecting to Bedroom speaker...
2026-08-21T00:56:05.473Z  Casting to Bedroom speaker.
2026-08-21T00:57:45.662Z  Stopped casting. Sound output back to MacBook Air Speakers.
[32mStopped[0m casting to [1mBedroom speaker[0m
[32mSound output[0m back to [1mMacBook Air Speakers[0m
[32mStopped[0m casting to [1mBedroom speaker[0m
[32mSound output[0m back to [1mMacBook Air Speakers[0m
2026-08-21T00:59:15.069Z  Starting the audio server...
2026-08-21T00:59:15.607Z  Sound output switched to BlackHole 2ch.
2026-08-21T00:59:15.608Z  Connecting to Bedroom speaker...
2026-08-21T00:59:16.426Z  Casting to Bedroom speaker.
2026-08-21T01:01:51.642Z  Stopped casting. Sound output back to MacBook Air Speakers.
[32mStopped[0m casting to [1mBedroom speaker[0m
[32mSound output[0m back to [1mMacBook Air Speakers[0m
2026-08-21T01:02:28.798Z  Starting the audio server...
2026-08-21T01:02:29.344Z  Sound output switched to BlackHole 2ch.
2026-08-21T01:02:29.345Z  Connecting to Bedroom speaker...
2026-08-21T01:02:30.512Z  Casting to Bedroom speaker.
2026-08-21T01:03:04.527Z  Stopped casting. Sound output back to MacBook Air Speakers.
[32mStopped[0m casting to [1mBedroom speaker[0m
[32mSound output[0m back to [1mMacBook Air Speakers[0m
[33mNothing is casting (no active session found).[0m
[32mStopped[0m casting to [1mBedroom speaker[0m
[32mSound output[0m back to [1mMacBook Air Speakers[0m
2026-08-21T01:07:30.535Z  Starting the audio server...
2026-08-21T01:07:31.077Z  Sound output switched to BlackHole 2ch.
2026-08-21T01:07:31.078Z  Connecting to Bedroom speaker...
2026-08-21T01:07:32.045Z  Casting to Bedroom speaker.
2026-08-21T01:07:49.007Z  Stopped casting. Sound output back to MacBook Air Speakers.
[32mStopped[0m casting to [1mBedroom speaker[0m
[32mSound output[0m back to [1mMacBook Air Speakers[0m
2026-08-21T01:09:14.740Z  Starting the audio server...
2026-08-21T01:09:15.284Z  Sound output switched to BlackHole 2ch.
2026-08-21T01:09:15.286Z  Connecting to Bedroom speaker...
2026-08-21T01:09:16.140Z  Casting to Bedroom speaker.
2026-08-21T01:09:29.522Z  Stopped casting. Sound output back to MacBook Air Speakers.
[32mStopped[0m casting to [1mBedroom speaker[0m
[32mSound output[0m back to [1mMacBook Air Speakers[0m
[33mNothing is casting (no active session found).[0m
2026-08-21T01:11:04.276Z  Starting the audio server...
2026-08-21T01:11:04.807Z  Sound output switched to BlackHole 2ch.
2026-08-21T01:11:04.809Z  Connecting to Bedroom speaker...
2026-08-21T01:11:05.763Z  Casting to Bedroom speaker.
2026-08-21T01:13:15.193Z  Stopped casting. Sound output back to MacBook Air Speakers.
[32mStopped[0m casting to [1mBedroom speaker[0m
[32mSound output[0m back to [1mMacBook Air Speakers[0m
2026-08-21T01:13:17.848Z  Starting the audio server...
2026-08-21T01:13:18.377Z  Sound output switched to BlackHole 2ch.
2026-08-21T01:13:18.378Z  Connecting to Bedroom speaker...
2026-08-21T01:13:19.157Z  Casting to Bedroom speaker.
2026-08-21T01:13:30.419Z  Stopped casting. Sound output back to MacBook Air Speakers.
[32mStopped[0m casting to [1mBedroom speaker[0m
[32mSound output[0m back to [1mMacBook Air Speakers[0m
2026-08-21T01:13:50.079Z  Starting the audio server...
2026-08-21T01:13:50.598Z  Sound output switched to BlackHole 2ch.
2026-08-21T01:13:50.599Z  Connecting to Bedroom speaker...
2026-08-21T01:13:51.626Z  Casting to Bedroom speaker.
2026-08-21T01:14:36.590Z  Stopped casting. Sound output back to MacBook Air Speakers.
[32mStopped[0m casting to [1mBedroom speaker[0m
[32mSound output[0m back to [1mMacBook Air Speakers[0m
2026-08-21T01:16:06.471Z  Starting the audio server...
2026-08-21T01:16:06.991Z  Sound output switched to BlackHole 2ch.
2026-08-21T01:16:06.993Z  Connecting to Bedroom speaker...
2026-08-21T01:16:07.922Z  Casting to Bedroom speaker.
2026-08-21T01:16:18.858Z  Stopped casting. Sound output back to MacBook Air Speakers.
[32mStopped[0m casting to [1mBedroom speaker[0m
[32mSound output[0m back to [1mMacBook Air Speakers[0m
[33mNothing is casting (no active session found).[0m
[32mStopped[0m casting to [1mBedroom speaker[0m
[32mSound output[0m back to [1mMacBook Air Speakers[0m
2026-08-21T01:21:55.646Z  Starting the audio server...
2026-08-21T01:21:56.525Z  Sound output switched to BlackHole 2ch.
2026-08-21T01:21:56.527Z  Connecting to Bedroom speaker...
2026-08-21T01:21:57.580Z  Casting to Bedroom speaker.
2026-08-21T01:22:05.121Z  Stopped casting. Sound output back to MacBook Air Speakers.
[32mStopped[0m casting to [1mBedroom speaker[0m
[32mSound output[0m back to [1mMacBook Air Speakers[0m
2026-08-21T01:22:07.459Z  Starting the audio server...
2026-08-21T01:22:08.022Z  Sound output switched to BlackHole 2ch.
2026-08-21T01:22:08.023Z  Connecting to Bedroom speaker...
2026-08-21T01:22:09.107Z  Casting to Bedroom speaker.
2026-08-21T01:22:25.300Z  Stopped casting. Sound output back to MacBook Air Speakers.
[32mStopped[0m casting to [1mBedroom speaker[0m
[32mSound output[0m back to [1mMacBook Air Speakers[0m
2026-08-21T01:22:32.436Z  Starting the audio server...
2026-08-21T01:22:33.020Z  Sound output switched to BlackHole 2ch.
2026-08-21T01:22:33.022Z  Connecting to Bedroom speaker...
2026-08-21T01:22:33.928Z  Casting to Bedroom speaker.
2026-08-21T01:26:14.054Z  Stopped casting. Sound output back to MacBook Air Speakers.
[32mStopped[0m casting to [1mBedroom speaker[0m
[32mSound output[0m back to [1mMacBook Air Speakers[0m
2026-08-21T01:26:18.099Z  Starting the audio server...
2026-08-21T01:26:18.662Z  Sound output switched to BlackHole 2ch.
2026-08-21T01:26:18.664Z  Connecting to Bedroom speaker...
2026-08-21T01:26:19.595Z  Casting to Bedroom speaker.
